// Vitest Snapshot v1, https://vitest.dev/guide/snapshot.html

exports[`calculateSubscriptionPriceForYear > monthly > each = 2 && startedAtYear < year 1`] = `4956`;

exports[`calculateSubscriptionPriceForYear > monthly > each = 2 && startedAtYear = year 1`] = `4130`;

exports[`calculateSubscriptionPriceForYear > monthly > each = 2 && year = endedAtYear 1`] = `2478`;

exports[`calculateSubscriptionPriceForYear > monthly > startedAtYear < endedAtYear < year 1`] = `0`;

exports[`calculateSubscriptionPriceForYear > monthly > startedAtYear < year < endedAtYear 1`] = `159.96`;

exports[`calculateSubscriptionPriceForYear > monthly > startedAtYear < year = endedAtYear 1`] = `79.98`;

exports[`calculateSubscriptionPriceForYear > monthly > startedAtYear < year 1`] = `159.96`;

exports[`calculateSubscriptionPriceForYear > monthly > startedAtYear = year = endedAtYear 1`] = `26.66`;

exports[`calculateSubscriptionPriceForYear > monthly > startedAtYear = year 1`] = `133.3`;

exports[`calculateSubscriptionPriceForYear > monthly > year < startedAtYear 1`] = `0`;

exports[`calculateSubscriptionPriceForYear > yearly > each = 2 && && startedAtYear % year = 1 1`] = `0`;

exports[`calculateSubscriptionPriceForYear > yearly > each = 2 && startedAtYear % year = 0 1`] = `300`;

exports[`calculateSubscriptionPriceForYear > yearly > startedAtYear < endedAtYear < year 1`] = `0`;

exports[`calculateSubscriptionPriceForYear > yearly > startedAtYear < year < endedAtYear 1`] = `20.2`;

exports[`calculateSubscriptionPriceForYear > yearly > startedAtYear < year = endedAtYear 1`] = `0`;

exports[`calculateSubscriptionPriceForYear > yearly > startedAtYear < year 1`] = `20.2`;

exports[`calculateSubscriptionPriceForYear > yearly > startedAtYear = year < endedAtYear 1`] = `20.2`;

exports[`calculateSubscriptionPriceForYear > yearly > startedAtYear = year 1`] = `20.2`;

exports[`calculateSubscriptionPriceForYear > yearly > year < startedAtYear < endedAtYear 1`] = `0`;

exports[`calculateSubscriptionPriceForYear > yearly > year < startedAtYear 1`] = `0`;
